// Jest Snapshot v1, https://goo.gl/fbAQLP

exports[`matches snapshot 1`] = `
<DocumentFragment>
  <form>
    <label
      for="a3c6d2b3-f1f5-45d2-9716-dd90fe7a50db"
    >
      Task: 
    </label>
    <input
      id="a3c6d2b3-f1f5-45d2-9716-dd90fe7a50db"
      name="task"
      placeholder=" Enter a task to do"
      type="text"
      value=""
    />
    <button
      type="submit"
    >
      Add Task!
    </button>
  </form>
</DocumentFragment>
`;
