// Jest Snapshot v1, https://goo.gl/fbAQLP

exports[`matches snapshot 1`] = `
<DocumentFragment>
  <form>
    <label
      for="e77de432-0172-4980-96bc-33c2a960156e"
    >
      Task: 
    </label>
    <input
      id="e77de432-0172-4980-96bc-33c2a960156e"
      name="task"
      placeholder=" Enter a task to do"
      type="text"
      value=""
    />
    <button
      type="submit"
    >
      Add Task!
    </button>
  </form>
  <h2>
    Todo List
  </h2>
</DocumentFragment>
`;
